Test execution report:

Command:
$env:PYTHONPATH = (Get-Location).Path ; pytest -q

Result:
8 passed, 0 failed, 3 warnings

Warnings:
- DeprecationWarning: FastAPI on_event is deprecated; use lifespan event handlers instead.
- StarletteDeprecationWarning: Using `httpx` with `starlette.testclient` is deprecated; install `httpx2` instead.
